Parsed test spec with 2 sessions

starting permutation: s1b s1w s2init s1c s2start s1b s1w s1c s2start s1b s1w s2start s1c s2start
step s1b: BEGIN ISOLATION LEVEL SERIALIZABLE;
step s1w: INSERT INTO do_write DEFAULT VALUES;
step s2init: SELECT 'init' FROM init_logical_replication('isolation_slot', 'test_decoding'); <waiting ...>
step s1c: COMMIT;
step s2init: <... completed>
?column?       

init           
step s2start: SELECT data FROM start_logical_replication('isolation_slot', 'now', 'include-xids', 'false');
data           

step s1b: BEGIN ISOLATION LEVEL SERIALIZABLE;
step s1w: INSERT INTO do_write DEFAULT VALUES;
step s1c: COMMIT;
step s2start: SELECT data FROM start_logical_replication('isolation_slot', 'now', 'include-xids', 'false');
data           

BEGIN          
table "do_write": INSERT: id[int4]:2
COMMIT         
step s1b: BEGIN ISOLATION LEVEL SERIALIZABLE;
step s1w: INSERT INTO do_write DEFAULT VALUES;
step s2start: SELECT data FROM start_logical_replication('isolation_slot', 'now', 'include-xids', 'false');
data           

step s1c: COMMIT;
step s2start: SELECT data FROM start_logical_replication('isolation_slot', 'now', 'include-xids', 'false');
data           

BEGIN          
table "do_write": INSERT: id[int4]:3
COMMIT         
?column?       

stop           
